<testsuites id="" name="" tests="1" failures="0" skipped="0" errors="0" time="8.707957999999984">
<testsuite name="account_sign_in.spec.ts" timestamp="2024-10-28T16:43:40.494Z" hostname="chromium" tests="1" failures="0" skipped="0" time="7.378" errors="0">
<testcase name="account_sign_in › account_sign_in_form_error" classname="account_sign_in.spec.ts" time="7.378">
<properties>
<property name="task" value="Проверка подсказок при авторизации">
</property>
</properties>
</testcase>
</testsuite>
</testsuites>